=== Full paired ablation: 100 prompts, backend=qwen7b ===

>>> Phase 1: S0 baseline
[1/100] id=0 ERC20 Token | s0_baseline
   compiled=True vulns=0 iters=1 tok=502 9.0s
[2/100] id=1 ERC20 Token | s0_baseline
   compiled=True vulns=0 iters=1 tok=397 3.8s
[3/100] id=2 ERC20 Token | s0_baseline
   compiled=False vulns=None iters=1 tok=866 7.7s
[4/100] id=3 ERC20 Token | s0_baseline
   compiled=False vulns=None iters=1 tok=151 2.1s
[5/100] id=4 ERC20 Token | s0_baseline
   compiled=False vulns=None iters=1 tok=742 6.9s
[6/100] id=5 ERC20 Token | s0_baseline
   compiled=True vulns=0 iters=1 tok=695 6.0s
[7/100] id=6 ERC20 Token | s0_baseline
   compiled=True vulns=0 iters=1 tok=375 3.4s
[8/100] id=7 ERC20 Token | s0_baseline
   compiled=True vulns=0 iters=1 tok=384 3.5s
[9/100] id=8 ERC20 Token | s0_baseline
   compiled=True vulns=0 iters=1 tok=439 3.9s
[10/100] id=9 ERC20 Token | s0_baseline
   compiled=True vulns=0 iters=1 tok=479 4.3s
[11/100] id=10 ERC20 Token | s0_baseline
   compiled=True vulns=2 iters=1 tok=230 2.5s
[12/100] id=11 ERC20 Token | s0_baseline
   compiled=True vulns=0 iters=1 tok=392 3.5s
[13/100] id=12 ERC20 Token | s0_baseline
   compiled=True vulns=0 iters=1 tok=390 3.5s
[14/100] id=13 ERC20 Token | s0_baseline
   compiled=True vulns=0 iters=1 tok=390 3.5s
[15/100] id=14 ERC20 Token | s0_baseline
   compiled=True vulns=0 iters=1 tok=380 3.4s
[16/100] id=15 ERC721 NFT | s0_baseline
   compiled=True vulns=10 iters=1 tok=219 2.7s
[17/100] id=16 ERC721 NFT | s0_baseline
   compiled=False vulns=None iters=1 tok=910 8.1s
[18/100] id=17 ERC721 NFT | s0_baseline
   compiled=False vulns=None iters=1 tok=736 6.6s
[19/100] id=18 ERC721 NFT | s0_baseline
   compiled=False vulns=None iters=1 tok=513 4.9s
[20/100] id=19 ERC721 NFT | s0_baseline
   compiled=True vulns=11 iters=1 tok=334 3.6s
[21/100] id=20 ERC721 NFT | s0_baseline
   compiled=False vulns=None iters=1 tok=497 4.7s
[22/100] id=21 ERC721 NFT | s0_baseline
   compiled=True vulns=9 iters=1 tok=145 2.0s
[23/100] id=22 ERC721 NFT | s0_baseline
   compiled=False vulns=None iters=1 tok=209 2.4s
[24/100] id=23 ERC721 NFT | s0_baseline
   compiled=True vulns=0 iters=1 tok=1098 9.3s
[25/100] id=24 ERC721 NFT | s0_baseline
   compiled=True vulns=10 iters=1 tok=133 1.9s
[26/100] id=25 ERC721 NFT | s0_baseline
   compiled=True vulns=11 iters=1 tok=202 2.5s
[27/100] id=26 ERC721 NFT | s0_baseline
   compiled=True vulns=11 iters=1 tok=161 2.3s
[28/100] id=27 ERC721 NFT | s0_baseline
   compiled=False vulns=None iters=1 tok=1261 10.9s
[29/100] id=28 ERC721 NFT | s0_baseline
   compiled=True vulns=9 iters=1 tok=116 1.8s
[30/100] id=29 ERC721 NFT | s0_baseline
   compiled=True vulns=9 iters=1 tok=112 1.8s
[31/100] id=30 ERC1155 Multi-Token | s0_baseline
   compiled=True vulns=0 iters=1 tok=225 2.6s
[32/100] id=31 ERC1155 Multi-Token | s0_baseline
   compiled=False vulns=None iters=1 tok=426 4.2s
[33/100] id=32 ERC1155 Multi-Token | s0_baseline
   compiled=False vulns=None iters=1 tok=582 5.4s
[34/100] id=33 ERC1155 Multi-Token | s0_baseline
   compiled=False vulns=None iters=1 tok=421 4.2s
[35/100] id=34 ERC1155 Multi-Token | s0_baseline
   compiled=False vulns=None iters=1 tok=223 2.7s
[36/100] id=35 ERC1155 Multi-Token | s0_baseline
   compiled=True vulns=0 iters=1 tok=181 2.2s
[37/100] id=36 ERC1155 Multi-Token | s0_baseline
   compiled=True vulns=1 iters=1 tok=141 1.8s
[38/100] id=37 ERC1155 Multi-Token | s0_baseline
   compiled=True vulns=10 iters=1 tok=155 2.2s
[39/100] id=38 ERC1155 Multi-Token | s0_baseline
   compiled=True vulns=0 iters=1 tok=461 4.1s
[40/100] id=39 ERC1155 Multi-Token | s0_baseline
   compiled=True vulns=0 iters=1 tok=180 2.2s
[41/100] id=40 ERC1155 Multi-Token | s0_baseline
   compiled=True vulns=2 iters=1 tok=335 3.5s
[42/100] id=41 ERC1155 Multi-Token | s0_baseline
   compiled=False vulns=None iters=1 tok=370 3.7s
[43/100] id=42 ERC1155 Multi-Token | s0_baseline
   compiled=False vulns=None iters=1 tok=697 6.5s
[44/100] id=43 ERC1155 Multi-Token | s0_baseline
   compiled=True vulns=1 iters=1 tok=185 2.4s
[45/100] id=44 ERC1155 Multi-Token | s0_baseline
   compiled=True vulns=1 iters=1 tok=170 2.1s
[46/100] id=45 DeFi Staking | s0_baseline
   compiled=True vulns=6 iters=1 tok=513 4.7s
[47/100] id=46 DeFi Staking | s0_baseline
   compiled=False vulns=None iters=1 tok=705 6.5s
[48/100] id=47 DeFi Staking | s0_baseline
   compiled=True vulns=7 iters=1 tok=665 5.9s
[49/100] id=48 DeFi Staking | s0_baseline
   compiled=False vulns=None iters=1 tok=365 3.8s
[50/100] id=49 DeFi Staking | s0_baseline
   compiled=False vulns=None iters=1 tok=386 3.9s
[51/100] id=50 DeFi Staking | s0_baseline
   compiled=False vulns=None iters=1 tok=431 4.4s
[52/100] id=51 DeFi Staking | s0_baseline
   compiled=True vulns=0 iters=1 tok=187 1.9s
[53/100] id=52 DeFi Staking | s0_baseline
   compiled=True vulns=0 iters=1 tok=243 2.5s
[54/100] id=53 DeFi Staking | s0_baseline
   compiled=False vulns=None iters=1 tok=363 3.8s
[55/100] id=54 DeFi Staking | s0_baseline
   compiled=True vulns=3 iters=1 tok=426 4.0s
[56/100] id=55 DeFi Staking | s0_baseline
   compiled=True vulns=0 iters=1 tok=202 2.2s
[57/100] id=56 DeFi Staking | s0_baseline
   compiled=True vulns=0 iters=1 tok=210 2.3s
[58/100] id=57 DeFi Staking | s0_baseline
   compiled=True vulns=0 iters=1 tok=317 3.1s
[59/100] id=58 DeFi Staking | s0_baseline
   compiled=True vulns=0 iters=1 tok=206 2.1s
[60/100] id=59 DeFi Staking | s0_baseline
   compiled=True vulns=0 iters=1 tok=388 3.7s
[61/100] id=60 DeFi Lending | s0_baseline
   compiled=False vulns=None iters=1 tok=577 5.6s
[62/100] id=61 DeFi Lending | s0_baseline
   compiled=False vulns=None iters=1 tok=356 3.7s
[63/100] id=62 DeFi Lending | s0_baseline
   compiled=True vulns=5 iters=1 tok=936 8.4s
[64/100] id=63 DeFi Lending | s0_baseline
   compiled=True vulns=0 iters=1 tok=866 7.8s
[65/100] id=64 DeFi Lending | s0_baseline
   compiled=True vulns=1 iters=1 tok=424 4.0s
[66/100] id=65 DeFi Lending | s0_baseline
   compiled=True vulns=1 iters=1 tok=194 2.1s
[67/100] id=66 DeFi Lending | s0_baseline
   compiled=True vulns=1 iters=1 tok=158 1.7s
[68/100] id=67 DeFi Lending | s0_baseline
   compiled=True vulns=3 iters=1 tok=291 2.9s
[69/100] id=68 DeFi Lending | s0_baseline
   compiled=True vulns=1 iters=1 tok=517 4.8s
[70/100] id=69 DeFi Lending | s0_baseline
   compiled=True vulns=0 iters=1 tok=266 2.7s
[71/100] id=70 DeFi Lending | s0_baseline
   compiled=True vulns=1 iters=1 tok=243 2.5s
[72/100] id=71 DeFi Lending | s0_baseline
   compiled=True vulns=0 iters=1 tok=386 3.6s
[73/100] id=72 DeFi Lending | s0_baseline
   compiled=True vulns=1 iters=1 tok=323 3.2s
[74/100] id=73 DeFi Lending | s0_baseline
   compiled=True vulns=0 iters=1 tok=320 3.1s
[75/100] id=74 DeFi Lending | s0_baseline
   compiled=True vulns=0 iters=1 tok=423 4.0s
[76/100] id=75 DeFi DEX/AMM | s0_baseline
   compiled=True vulns=0 iters=1 tok=522 4.9s
[77/100] id=76 DeFi DEX/AMM | s0_baseline
   compiled=True vulns=11 iters=1 tok=885 8.3s
[78/100] id=77 DeFi DEX/AMM | s0_baseline
   compiled=False vulns=None iters=1 tok=2050 19.5s
[79/100] id=78 DeFi DEX/AMM | s0_baseline
   compiled=False vulns=None iters=1 tok=516 5.4s
[80/100] id=79 DeFi DEX/AMM | s0_baseline
   compiled=False vulns=None iters=1 tok=537 5.5s
[81/100] id=80 DeFi DEX/AMM | s0_baseline
   compiled=True vulns=3 iters=1 tok=1114 10.4s
[82/100] id=81 DeFi DEX/AMM | s0_baseline
   compiled=True vulns=0 iters=1 tok=172 2.0s
[83/100] id=82 DeFi DEX/AMM | s0_baseline
   compiled=False vulns=None iters=1 tok=321 3.6s
[84/100] id=83 DeFi DEX/AMM | s0_baseline
   compiled=False vulns=None iters=1 tok=746 7.3s
[85/100] id=84 DeFi DEX/AMM | s0_baseline
   compiled=True vulns=0 iters=1 tok=753 7.0s
[86/100] id=85 DeFi DEX/AMM | s0_baseline
   compiled=False vulns=None iters=1 tok=215 2.8s
[87/100] id=86 DeFi DEX/AMM | s0_baseline
   compiled=False vulns=None iters=1 tok=283 3.1s
[88/100] id=87 DeFi DEX/AMM | s0_baseline
   compiled=False vulns=None iters=1 tok=432 4.6s
[89/100] id=88 DeFi DEX/AMM | s0_baseline
   compiled=True vulns=1 iters=1 tok=291 2.9s
[90/100] id=89 DeFi DEX/AMM | s0_baseline
   compiled=False vulns=None iters=1 tok=610 6.0s
[91/100] id=90 Yield Aggregator | s0_baseline
   compiled=False vulns=None iters=1 tok=527 5.3s
[92/100] id=91 Yield Aggregator | s0_baseline
   compiled=True vulns=1 iters=1 tok=414 3.9s
[93/100] id=92 Yield Aggregator | s0_baseline
   compiled=False vulns=None iters=1 tok=934 8.9s
[94/100] id=93 Yield Aggregator | s0_baseline
   compiled=False vulns=None iters=1 tok=655 6.5s
[95/100] id=94 Yield Aggregator | s0_baseline
   compiled=True vulns=0 iters=1 tok=447 4.3s
[96/100] id=95 Yield Aggregator | s0_baseline
   compiled=True vulns=0 iters=1 tok=294 3.1s
[97/100] id=96 Yield Aggregator | s0_baseline
   compiled=True vulns=0 iters=1 tok=86 1.1s
[98/100] id=97 Yield Aggregator | s0_baseline
   compiled=True vulns=3 iters=1 tok=276 2.7s
[99/100] id=98 Yield Aggregator | s0_baseline
   compiled=True vulns=0 iters=1 tok=371 3.7s
[100/100] id=99 Yield Aggregator | s0_baseline
   compiled=True vulns=0 iters=1 tok=193 2.1s

Saved -> securegen/results/s0_baseline__qwen7b.json

>>> Phase 2: S2b repair-from-seed (paired)
Loaded 100 baseline seeds from securegen/results/s0_baseline__qwen7b.json
[1/100] id=0 ERC20 Token | s2b_repair_from_seed
   compiled=True vulns=0 iters=1 tok=0 0.4s
[2/100] id=1 ERC20 Token | s2b_repair_from_seed
   compiled=True vulns=0 iters=1 tok=0 0.6s
[3/100] id=2 ERC20 Token | s2b_repair_from_seed
   compiled=False vulns=None iters=3 tok=1586 16.1s
[4/100] id=3 ERC20 Token | s2b_repair_from_seed
   compiled=False vulns=None iters=3 tok=302 5.0s
[5/100] id=4 ERC20 Token | s2b_repair_from_seed
   compiled=False vulns=None iters=3 tok=1500 15.3s
[6/100] id=5 ERC20 Token | s2b_repair_from_seed
   compiled=True vulns=0 iters=1 tok=0 0.4s
[7/100] id=6 ERC20 Token | s2b_repair_from_seed
   compiled=True vulns=0 iters=1 tok=0 0.4s
[8/100] id=7 ERC20 Token | s2b_repair_from_seed
   compiled=True vulns=0 iters=1 tok=0 0.4s
[9/100] id=8 ERC20 Token | s2b_repair_from_seed
   compiled=True vulns=0 iters=1 tok=0 0.4s
[10/100] id=9 ERC20 Token | s2b_repair_from_seed
   compiled=True vulns=0 iters=1 tok=0 0.4s
[11/100] id=10 ERC20 Token | s2b_repair_from_seed
   compiled=True vulns=0 iters=3 tok=464 13.4s
[12/100] id=11 ERC20 Token | s2b_repair_from_seed
   compiled=True vulns=0 iters=1 tok=0 0.4s
[13/100] id=12 ERC20 Token | s2b_repair_from_seed
   compiled=True vulns=0 iters=1 tok=0 0.4s
[14/100] id=13 ERC20 Token | s2b_repair_from_seed
   compiled=True vulns=0 iters=1 tok=0 0.4s
[15/100] id=14 ERC20 Token | s2b_repair_from_seed
   compiled=True vulns=0 iters=1 tok=0 0.4s
[16/100] id=15 ERC721 NFT | s2b_repair_from_seed
   compiled=True vulns=10 iters=3 tok=438 6.9s
[17/100] id=16 ERC721 NFT | s2b_repair_from_seed
   compiled=False vulns=None iters=3 tok=1778 17.8s
[18/100] id=17 ERC721 NFT | s2b_repair_from_seed
   compiled=False vulns=None iters=3 tok=1473 15.1s
[19/100] id=18 ERC721 NFT | s2b_repair_from_seed
   compiled=True vulns=13 iters=3 tok=1067 12.0s
[20/100] id=19 ERC721 NFT | s2b_repair_from_seed
   compiled=True vulns=11 iters=3 tok=666 9.0s
[21/100] id=20 ERC721 NFT | s2b_repair_from_seed
   compiled=False vulns=None iters=3 tok=1021 11.0s
[22/100] id=21 ERC721 NFT | s2b_repair_from_seed
   compiled=True vulns=9 iters=3 tok=290 5.3s
[23/100] id=22 ERC721 NFT | s2b_repair_from_seed
   compiled=False vulns=None iters=3 tok=552 6.8s
[24/100] id=23 ERC721 NFT | s2b_repair_from_seed
   compiled=True vulns=0 iters=1 tok=0 0.4s
[25/100] id=24 ERC721 NFT | s2b_repair_from_seed
   compiled=True vulns=10 iters=3 tok=266 5.1s
[26/100] id=25 ERC721 NFT | s2b_repair_from_seed
   compiled=True vulns=11 iters=3 tok=337 5.4s
[27/100] id=26 ERC721 NFT | s2b_repair_from_seed
   compiled=True vulns=11 iters=3 tok=322 10.3s
[28/100] id=27 ERC721 NFT | s2b_repair_from_seed
   compiled=True vulns=0 iters=2 tok=1117 10.6s
[29/100] id=28 ERC721 NFT | s2b_repair_from_seed
   compiled=True vulns=9 iters=3 tok=232 4.8s
[30/100] id=29 ERC721 NFT | s2b_repair_from_seed
   compiled=True vulns=9 iters=3 tok=224 4.8s
[31/100] id=30 ERC1155 Multi-Token | s2b_repair_from_seed
   compiled=True vulns=0 iters=1 tok=0 0.8s
[32/100] id=31 ERC1155 Multi-Token | s2b_repair_from_seed
   compiled=False vulns=None iters=3 tok=852 9.2s
[33/100] id=32 ERC1155 Multi-Token | s2b_repair_from_seed
   compiled=False vulns=None iters=3 tok=1164 12.0s
[34/100] id=33 ERC1155 Multi-Token | s2b_repair_from_seed
   compiled=False vulns=None iters=3 tok=842 9.3s
[35/100] id=34 ERC1155 Multi-Token | s2b_repair_from_seed
   compiled=False vulns=None iters=3 tok=414 5.7s
[36/100] id=35 ERC1155 Multi-Token | s2b_repair_from_seed
   compiled=True vulns=0 iters=1 tok=0 0.7s
[37/100] id=36 ERC1155 Multi-Token | s2b_repair_from_seed
   compiled=True vulns=1 iters=3 tok=284 4.3s
[38/100] id=37 ERC1155 Multi-Token | s2b_repair_from_seed
   compiled=True vulns=10 iters=3 tok=310 5.8s
[39/100] id=38 ERC1155 Multi-Token | s2b_repair_from_seed
   compiled=True vulns=0 iters=1 tok=0 0.4s
[40/100] id=39 ERC1155 Multi-Token | s2b_repair_from_seed
   compiled=True vulns=0 iters=1 tok=0 0.6s
[41/100] id=40 ERC1155 Multi-Token | s2b_repair_from_seed
   compiled=True vulns=2 iters=3 tok=686 7.8s
[42/100] id=41 ERC1155 Multi-Token | s2b_repair_from_seed
   compiled=False vulns=None iters=3 tok=943 10.0s
[43/100] id=42 ERC1155 Multi-Token | s2b_repair_from_seed
   compiled=False vulns=None iters=3 tok=1413 14.3s
[44/100] id=43 ERC1155 Multi-Token | s2b_repair_from_seed
   compiled=True vulns=0 iters=3 tok=372 5.2s
[45/100] id=44 ERC1155 Multi-Token | s2b_repair_from_seed
   compiled=True vulns=1 iters=3 tok=392 5.5s
[46/100] id=45 DeFi Staking | s2b_repair_from_seed
   compiled=True vulns=3 iters=3 tok=1088 10.8s
[47/100] id=46 DeFi Staking | s2b_repair_from_seed
   compiled=False vulns=None iters=3 tok=1410 14.6s
[48/100] id=47 DeFi Staking | s2b_repair_from_seed
   compiled=True vulns=7 iters=3 tok=0 7.6s
[49/100] id=48 DeFi Staking | s2b_repair_from_seed
   compiled=False vulns=None iters=3 tok=741 8.7s
[50/100] id=49 DeFi Staking | s2b_repair_from_seed
   compiled=False vulns=None iters=3 tok=776 8.7s
[51/100] id=50 DeFi Staking | s2b_repair_from_seed
   compiled=True vulns=3 iters=3 tok=1014 10.6s
[52/100] id=51 DeFi Staking | s2b_repair_from_seed
   compiled=True vulns=0 iters=1 tok=0 0.4s
[53/100] id=52 DeFi Staking | s2b_repair_from_seed
   compiled=True vulns=0 iters=1 tok=0 0.4s
[54/100] id=53 DeFi Staking | s2b_repair_from_seed
   compiled=False vulns=None iters=3 tok=726 8.4s
[55/100] id=54 DeFi Staking | s2b_repair_from_seed
   compiled=True vulns=1 iters=3 tok=922 9.4s
[56/100] id=55 DeFi Staking | s2b_repair_from_seed
   compiled=True vulns=0 iters=1 tok=0 0.4s
[57/100] id=56 DeFi Staking | s2b_repair_from_seed
   compiled=True vulns=0 iters=1 tok=0 0.4s
[58/100] id=57 DeFi Staking | s2b_repair_from_seed
   compiled=True vulns=0 iters=1 tok=0 0.4s
[59/100] id=58 DeFi Staking | s2b_repair_from_seed
   compiled=True vulns=0 iters=1 tok=0 0.4s
[60/100] id=59 DeFi Staking | s2b_repair_from_seed
   compiled=True vulns=0 iters=1 tok=0 0.4s
[61/100] id=60 DeFi Lending | s2b_repair_from_seed
   compiled=True vulns=3 iters=3 tok=1166 11.7s
[62/100] id=61 DeFi Lending | s2b_repair_from_seed
   compiled=False vulns=None iters=3 tok=713 8.3s
[63/100] id=62 DeFi Lending | s2b_repair_from_seed
   compiled=True vulns=2 iters=3 tok=1936 19.1s
[64/100] id=63 DeFi Lending | s2b_repair_from_seed
   compiled=True vulns=0 iters=1 tok=0 0.4s
[65/100] id=64 DeFi Lending | s2b_repair_from_seed
   compiled=True vulns=0 iters=2 tok=438 4.5s
[66/100] id=65 DeFi Lending | s2b_repair_from_seed
   compiled=True vulns=0 iters=2 tok=248 2.9s
[67/100] id=66 DeFi Lending | s2b_repair_from_seed
   compiled=True vulns=0 iters=2 tok=211 2.7s
[68/100] id=67 DeFi Lending | s2b_repair_from_seed
   compiled=True vulns=0 iters=2 tok=324 3.7s
[69/100] id=68 DeFi Lending | s2b_repair_from_seed
   compiled=True vulns=0 iters=2 tok=544 5.5s
[70/100] id=69 DeFi Lending | s2b_repair_from_seed
   compiled=True vulns=0 iters=1 tok=0 0.4s
[71/100] id=70 DeFi Lending | s2b_repair_from_seed
   compiled=True vulns=0 iters=2 tok=259 2.9s
[72/100] id=71 DeFi Lending | s2b_repair_from_seed
   compiled=True vulns=0 iters=1 tok=0 0.4s
[73/100] id=72 DeFi Lending | s2b_repair_from_seed
   compiled=True vulns=0 iters=2 tok=373 3.9s
[74/100] id=73 DeFi Lending | s2b_repair_from_seed
   compiled=True vulns=0 iters=1 tok=0 0.4s
[75/100] id=74 DeFi Lending | s2b_repair_from_seed
   compiled=True vulns=0 iters=1 tok=0 0.4s
[76/100] id=75 DeFi DEX/AMM | s2b_repair_from_seed
   compiled=True vulns=0 iters=1 tok=0 0.4s
[77/100] id=76 DeFi DEX/AMM | s2b_repair_from_seed
   compiled=True vulns=11 iters=3 tok=1984 20.0s
[78/100] id=77 DeFi DEX/AMM | s2b_repair_from_seed
   compiled=False vulns=None iters=3 tok=4880 51.2s
[79/100] id=78 DeFi DEX/AMM | s2b_repair_from_seed
   compiled=False vulns=None iters=3 tok=1040 11.7s
[80/100] id=79 DeFi DEX/AMM | s2b_repair_from_seed
   compiled=False vulns=None iters=3 tok=1074 11.8s
[81/100] id=80 DeFi DEX/AMM | s2b_repair_from_seed
   compiled=True vulns=1 iters=3 tok=2316 23.4s
[82/100] id=81 DeFi DEX/AMM | s2b_repair_from_seed
   compiled=True vulns=0 iters=1 tok=0 0.4s
[83/100] id=82 DeFi DEX/AMM | s2b_repair_from_seed
   compiled=True vulns=0 iters=2 tok=322 3.9s
[84/100] id=83 DeFi DEX/AMM | s2b_repair_from_seed
   compiled=False vulns=None iters=3 tok=1490 15.9s
[85/100] id=84 DeFi DEX/AMM | s2b_repair_from_seed
   compiled=True vulns=0 iters=1 tok=0 0.4s
[86/100] id=85 DeFi DEX/AMM | s2b_repair_from_seed
   compiled=False vulns=None iters=3 tok=541 6.8s
[87/100] id=86 DeFi DEX/AMM | s2b_repair_from_seed
   compiled=True vulns=4 iters=3 tok=646 7.2s
[88/100] id=87 DeFi DEX/AMM | s2b_repair_from_seed
   compiled=True vulns=0 iters=3 tok=861 9.1s
[89/100] id=88 DeFi DEX/AMM | s2b_repair_from_seed
   compiled=True vulns=0 iters=2 tok=310 3.5s
[90/100] id=89 DeFi DEX/AMM | s2b_repair_from_seed
   compiled=False vulns=None iters=3 tok=1220 13.1s
[91/100] id=90 Yield Aggregator | s2b_repair_from_seed
   compiled=False vulns=None iters=3 tok=1076 12.0s
[92/100] id=91 Yield Aggregator | s2b_repair_from_seed
   compiled=True vulns=1 iters=3 tok=828 8.7s
[93/100] id=92 Yield Aggregator | s2b_repair_from_seed
   compiled=False vulns=None iters=3 tok=1894 19.7s
[94/100] id=93 Yield Aggregator | s2b_repair_from_seed
   compiled=False vulns=None iters=3 tok=1430 15.3s
[95/100] id=94 Yield Aggregator | s2b_repair_from_seed
   compiled=True vulns=0 iters=1 tok=0 0.4s
[96/100] id=95 Yield Aggregator | s2b_repair_from_seed
   compiled=True vulns=0 iters=1 tok=0 0.4s
[97/100] id=96 Yield Aggregator | s2b_repair_from_seed
   compiled=True vulns=0 iters=1 tok=0 0.4s
[98/100] id=97 Yield Aggregator | s2b_repair_from_seed
   compiled=True vulns=1 iters=3 tok=712 7.2s
[99/100] id=98 Yield Aggregator | s2b_repair_from_seed
   compiled=True vulns=0 iters=1 tok=0 0.4s
[100/100] id=99 Yield Aggregator | s2b_repair_from_seed
   compiled=True vulns=0 iters=1 tok=0 0.4s

Saved -> securegen/results/s2b_repair_from_seed__qwen7b.json

============================================================

Baseline: s0_baseline__qwen7b
strategy                            comp%  vulns  high   dens     tok iters    sec
----------------------------------------------------------------------------------
s0_baseline__qwen7b                 66.0%   2.21  0.52  12.32     437   1.0    4.3
s2b_repair_from_seed__qwen7b        73.0%   1.97  0.40  10.85     568   2.2    6.6
    vs baseline: Δvulns=-0.38 p=0.00 δ=-0.13 (n=66)

Done. Result files in securegen/results/
